<script type="text/javascript">
(function() { "use strict";

(function () {
  var _console;

  return (_console = console).log.apply(_console, arguments);
});
  
})();
</script>