<?php echo $__env->make('398037b723a79134b7f711d391a45cdd.blade.php', \Illuminate\Support\Arr::except(get_defined_vars(), ['__data', '__path']))->render(); ?>